0 NOHS    \dummy.nocs.nohs                \NOHS ID [No Units]                                           \1.1.1
0 NOCUTC  \dummy.nocs.utc                 \NOCUTC ID [YYYYMMDD]                                         \20070101
0 NOCDHS  \dummy.nocs.dhs                 \DHS script name [No Units]                                   \DARK
0 NOCDDOF \dummy.nocs.ddof                \dither Dec offset [Arcseconds]                               \0
0 NOCDITER\dummy.nocs.diter               \dither iteration count [No Units]                            \0
0 NOCDPAT \dummy.nocs.dpat                \dither pattern [No Units]                                    \5PX
0 NOCDPOS \dummy.nocs.dpos                \dither position [No Units]                                   \0
0 NOCDREP \dummy.nocs.drep                \dither repetition count [No Units]                           \0
0 NOCDROF \dummy.nocs.drof                \dither RA offset [Arcseconds]                                \0
0 NOCFIL  \dummy.nocs.fil                 \filter (J|H|Ks|1056|1063|1644|2122|2164|Dark|Open) [No Units]\Dark
0 NOCID   \dummy.nocs.id                  \observation ID a.k.a expID [MSD]                             \0.0
0 NOCGID  \dummy.nocs.gid                 \group identification number [MSD]                            \0.0
0 NOCMDOF \dummy.nocs.mdof                \map Dec offset [Arcminutes]                                  \0
0 NOCMITER\dummy.nocs.miter               \map iteration count [No Units]                               \arcminutes
0 NOCMPAT \dummy.nocs.mpat                \map pattern [No Units]                                       \5PX
0 NOCMPOS \dummy.nocs.mpos                \map position [No Units]                                      \0
0 NOCMREP \dummy.nocs.mrep                \map repetition count [No Units]                              \0
0 NOCMROF \dummy.nocs.mrof                \map RA offset [Arcminutes]                                   \0
0 NOCNO   \dummy.nocs.no                  \observation number in this sequence [No Units]               \1
0 NOCNPOS \dummy.nocs.npos                \observation number in requested number [no units]            \1
0 NOCNUM  \dummy.nocs.num                 \observation number request [No Units]                        \1
0 NOCSKY  \dummy.nocs.sky                 \sky offset modulus [No Units]                                \0
0 NOCODEC \dummy.nocs.odec                \Dec offset [Arcseconds]                                      \0
0 NOCORA  \dummy.nocs.ora                 \RA offset [Arcseconds]                                       \0
0 NOCRSD  \dummy.nocs.rsd                 \recipe date [MSD]                                            \0.0
0 NOCTIM  \dummy.nocs.tim                 \requested integration time [Seconds]                         \1.0
0 NOCTOT  \dummy.nocs.tot                 \total number of observations in set [No Units]               \1
0 NOCTYP  \dummy.nocs.typ                 \observation type [No Units]                                  \DARK
0 NOCPROP \dummy.nocs.prop                \proposal ID [No Units]                                       \2007A-007
0 NOCPI   \dummy.nocs.pi                  \principal investigator [No Units]                            \Phil Daly
1 NOCPIE  \dummy.nocs.pie                 \principal investigator emai address [No Units]               \pnd@noao.edu
0 NOCOA   \dummy.nocs.oa                  \observing assistant [No Units]                               \Phil Daly
1 NOCOAE  \dummy.nocs.oae                 \observing assistant emai address [No Units]                  \pnd@noao.edu
0 NOCSYS  \dummy.nocs.sys                 \system ID [No Units]                                         \kpno_4m
0 NOCOBJ  \dummy.nocs.obj                 \observed object [No Units]                                   \DARK
0 NOCTEL  \dummy.nocs.tel                 \telescope [No Units]                                         \KPNO Mayall 4m
0 NOCLAMP \dummy.nocs.lamp                \dome flat lamp status (on|off)                               \off
0 NOCPOST \dummy.nocs.telpost             \ntcs_moveto ra dec epoch [No Units]                          \00:00:00.00 00:00:00.0 2007
0 NOCOFFT \dummy.nocs.telofft             \ntcs_offset ra dec offset [Arcsecond]                        \0 0
0 NOCFOCUS\dummy.nocs.focus               \ntcs_focus value [micron]                                    \0
0 NOCNAME \dummy.nocs.name                \file name for data set [No Units]                            \0.0
1 F8IDENT \f8.main.ident                  \control program id and version [No Units]                    \1.0 [E]
1 F8PID   \f8.main.pid                    \process id of f8mid [No Units]                               \100 [E]
1 F8HOST  \f8.main.host                   \host for f8mid [No Units]                                    \onion [E]
1 F8LINK  \f8.main.link                   \serial link status (up|down) [No Units]                      \down [E]
0 F8FOCUS \f8.focus.position              \actual focus position from primary (+=incr, -=decr) [um]     \0 [S]
1 F8FOCT  \f8.focus.target                \desired focus position [um]                                  \0 [E]
1 F8TIP   \f8.tip.angle                   \actual N/S mirror tip angle (+=N, -=S) [Degrees]             \0 [E]
1 F8TIPT  \f8.tip.target                  \desired tip angle [Degrees]                                  \0 [E]
1 F8TILT  \f8.tilt.angle                  \actual E/W mirror tip angle (+=E, -=W) [Degrees]             \0 [E]
1 F8TILTT \f8.tilt.target                 \desired tilt angle [Degrees]                                 \0 [E]
1 TCSLINK \tcs.main.link                  \TCS link (up|down) [No Units]                                \down [E]
1 TCSHOST \tcs.main.host                  \host for tcs4m [No Units]                                    \onion [E]
1 TCSPID  \tcs.main.pid                   \process id of tcs4m [No Units]                               \101 [E]
1 TCSCOMPU\tcs.main.computer              \name of tcs4m computer [No Units]                            \onion [E]
1 TCSUPDAT\tcs.main.updates               \tcs4m polling enable (on|off) [No Units]                     \off [E]
0 UT      \tcs.time.ut                    \universal time [HH:MM:SS]                                    \00:00:00 [S]
0 UTDATE  \tcs.time.utdate                \universal date [MM/DD/YYYY]                                  \01/01/2007 [S]
0 ST      \tcs.time.st                    \sidereal time [HH:MM:SS]                                     \00:00:00 [S]
0 RA      \tcs.target.ra                  \right ascension [HH:MM:SS.SS]                                \00:00:00.00 [S]
0 DEC     \tcs.target.dec                 \declination [DD:MM:SS.S]                                     \00:00:00.0 [S]
0 EPOCH   \tcs.target.epoch               \epoch [YYYY]                                                 \2007 [S]
1 RAPRE   \tcs.target.ra_preset           \right ascension preset [HH:MM:SS.SS]                         \00:00:00.00 [E]
1 DECPRE  \tcs.target.dec_preset          \declination preset [DD:MM:SS.S]                              \00:00:00.0 [E]
1 EPOCHPRE\tcs.target.epoch_preset        \epoch preset [YYYY]                                          \2007 [E]
0 AZ      \tcs.telescope.az               \telescope azimuth [DD:MM:SS]                                 \00:00:00 [S]
0 ALT     \tcs.telescope.alt              \telescope altitude [HH:MM:SS]                                \00:00:00 [S]
0 EQUINOX \tcs.telescope.equinox          \equinox [YYYY]                                               \2007 [S]
0 ZD      \tcs.telescope.zenithdist       \zenith distance [Degrees]                                    \0 [S]
0 AIRMASS \tcs.telescope.airmass          \airmass [No Units]                                           \0 [S]
1 PARALL  \tcs.telescope.parallactic      \parallactic [No Units]                                       \0 [E]
0 RAOFF   \tcs.telescope.ra_offset        \ra offset [Arcsecond]                                        \0 [S]
0 DECOFF  \tcs.telescope.dec_offset       \dec offset [Arcsecond]                                       \0 [S]
0 RAINST  \tcs.telescope.ra_inst_center   \ra instrument center [Arcsecond]                             \0 [S]
0 DECINST \tcs.telescope.dec_inst_center  \dec instrument center [Arcsecond]                            \0 [S]
0 RAZERO  \tcs.telescope.ra_zero          \ra zero [Arcsecond]                                          \0 [S]
0 DECZERO \tcs.telescope.dec_zero         \dec zero [Arcsecond]                                         \0 [S]
0 RAINDEX \tcs.telescope.ra_index         \ra index [Arcsecond]                                         \0 [S]
0 DECINDEX\tcs.telescope.dec_index        \dec index [Arcsecond]                                        \0 [S]
0 RADIFF  \tcs.telescope.ra_diff          \ra diff [Arcsecond]                                          \0 [S]
0 DECDIFF \tcs.telescope.dec_diff         \dec diff [Arcsecond]                                         \0 [S]
1 TCPMODE \tcs.telescope.mode             \telescope mode [No Units]                                    \ready [E]
1 TCPTRACK\tcs.telescope.tracking         \telescope tracking status [No Units]                         \off [E]
1 TCPSLEW \tcs.telescope.slew             \telescope slew status [No Units]                             \off [E]
1 FOCUS   \tcs.telescope.focus            \focus [mm]                                                   \0 [E]
1 FOCI    \tcs.telescope.fratio           \telescope foci [No Units]                                    \0 [E]
1 FIELD   \tcs.telescope.field            \telescope field [No Units]                                   \0 [E]
0 TCPHA   \tcs.telescope.ha               \telescope ha [No Units]                                      \0 [S]
1 HASERVO \tcs.telescope.haservo          \ha servo position [Degrees]                                  \0 [E]
1 DECSERVO\tcs.telescope.decservo         \dec servo position [Degrees]                                 \0 [E]
1 ACTPRIM \tcs.telescope.active_primary   \primary mirror mode [No Units]                               \off [E]
1 TCSPOS  \tcs.telescope.position         \ra, dec and epoch of target position [No Units]              \00:00:00.00 00:00:00.0 2007 [E]
1 TCSOFST \tcs.telescope.offset           \ra, dec offset [Arcsecond]                                   \0 0 [E]
1 ALRTSERV\tcs.alert.servo                \servo alert [No Units]                                       \off [E]
1 ALRTHA  \tcs.alert.ha                   \HA alert [No Units]                                          \off [E]
1 ALRTDEC \tcs.alert.dec                  \Dec alert [No Units]                                         \off [E]
1 ALRTSTOW\tcs.alert.stowed               \Stow alert [No Units]                                        \off [E]
0 DOMEAZ  \tcs.dome.az                    \dome position [Degrees]                                      \0 [S]
0 DOMEERR \tcs.dome.error                 \dome error as distance from target [Degrees]                 \0 [S]
1 DOMEMODE\tcs.dome.mode                  \dome mode [No Units]                                         \off [E]
1 DOMESTAT\tcs.dome.status                \dome status [No Units]                                       \ready [E]
0 TCPGDR  \tcs.guider.mode                \guider status (on|off) [No Units]                            \off [S]
1 INSTR   \tcs.instrument.name            \name of current instrument [No Units]                        \newfirm [E]
1 NFIDENT \newfirm.main.ident             \control program id and version [No Units]                    \ICS 1.0 [E]
1 NFAUTH  \newfirm.main.auth              \author(s) of the nicc code [No Units]                        \Shelby Gott [E]
1 NFDATE  \newfirm.main.date              \date of last modification [No Units]                         \01/01/2007 [E]
1 NFSIM   \newfirm.main.sim               \simulation mode (1=on, 0=off) [No Units]                     \1 [E]
0 NFECPOS \newfirm.ecover.position        \detected position (open|close|between) [No Units]            \close [S]
1 NFECCMD \newfirm.ecover.cmd             \demand position (open|close) [No Units]                      \close [E]
0 NFFW1POS\newfirm.filter.fw1pos          \wheel 1 actual position (0|1|2|3|4|5|6|7|8) [No Units]       \0 [S]
1 NFFW1   \newfirm.filter.fw1             \wheel 1 demand position (0|1|2|3|4|5|6|7|8) [No Units]       \0 [E]
0 NFFW2POS\newfirm.filter.fw2pos          \wheel 2 actual position (0|1|2|3|4|5|6|7|8) [No Units]       \0 [S]
1 NFFW2   \newfirm.filter.fw2             \wheel 2 demand position (0|1|2|3|4|5|6|7|8) [No Units]       \0 [E]
0 NFFILPOS\newfirm.filter.name            \detected position name [No Units]                            \Dark [S]
1 NFFILCMD\newfirm.filter.pos             \demand position name [No Units]                              \Dark [E]
1 NFDETSET\newfirm.thermal.detset         \setpoint for detector array temp control [K]                 \0 [E]
1 NFOSSSET\newfirm.thermal.ossset         \setpoint for oss temp control [K]                            \0 [E]
1 NFDETREG\newfirm.thermal.detreg         \detector array temp regulation (on|off) [No Units]           \off [E]
1 NFOSSREG\newfirm.thermal.ossreg         \oss temp regulation (on|off) [No Units]                      \off [E]
0 NFDETTMP\newfirm.thermal.dettmp         \detector array temp measured [K]                             \0 [S]
0 NFOSSTMP\newfirm.thermal.osstmp         \oss temp measured [K]                                        \0 [S]
1 NFCHPWR1\newfirm.thermal.chpwr1         \cold head 1 power (on|off) [No Units]                        \off [E]
1 NFCHPWR2\newfirm.thermal.chpwr2         \cold head 2 power (on|off) [No Units]                        \off [E]
1 NFCHPWR3\newfirm.thermal.chpwr3         \cold head 3 power (on|off) [No Units]                        \off [E]
1 NFTSRATE\newfirm.thermal.tsrate         \temperature sampling rate [Seconds]                          \0 [E]
1 NFTEMP1 \newfirm.thermal.temp1          \lens 2 rim [K]                                               \0 [E]
1 NFTEMP2 \newfirm.thermal.temp2          \lens 2 cell spring finger [K]                                \0 [E]
1 NFTEMP3 \newfirm.thermal.temp3          \lens 3 rim [K]                                               \0 [E]
1 NFTEMP4 \newfirm.thermal.temp4          \lens 3 cell sprint finger [K]                                \0 [E]
1 NFTEMP5 \newfirm.thermal.temp5          \upper housing exterior [K]                                   \0 [E]
1 NFTEMP6 \newfirm.thermal.temp6          \upper housing exterior [K]                                   \0 [E]
1 NFTEMP7 \newfirm.thermal.temp7          \upper housing exterior [K]                                   \0 [E]
1 NFTEMP8 \newfirm.thermal.temp8          \middle housing exterior [K]                                  \0 [E]
1 NFTEMP9 \newfirm.thermal.temp9          \middle housing exterior [K]                                  \0 [E]
1 NFTEMP10\newfirm.thermal.temp10         \lens 4 rim [K]                                               \0 [E]
1 NFTEMP11\newfirm.thermal.temp11         \lens 5 rim [K]                                               \0 [E]
1 NFTEMP12\newfirm.thermal.temp12         \lens 6 rim [K]                                               \0 [E]
1 NFTEMP13\newfirm.thermal.temp13         \lens 4-5-6 cell base [K]                                     \0 [E]
1 NFTEMP14\newfirm.thermal.temp14         \middle housing interior [K]                                  \0 [E]
1 NFTEMP15\newfirm.thermal.temp15         \fold mirror rear surface [K]                                 \0 [E]
1 NFTEMP16\newfirm.thermal.temp16         \lens 7 rim [K]                                               \0 [E]
1 NFTEMP17\newfirm.thermal.temp17         \lens 7 cell spring finger [K]                                \0 [E]
1 NFTEMP18\newfirm.thermal.temp18         \fold mirror housing exterior [K]                             \0 [E]
1 NFTEMP19\newfirm.thermal.temp19         \fold mirror housing exterior [K]                             \0 [E]
1 NFTEMP20\newfirm.thermal.temp20         \lens 8 rim [K]                                               \0 [E]
1 NFTEMP21\newfirm.thermal.temp21         \lens 8 cell spring finger [K]                                \0 [E]
1 NFTEMP22\newfirm.thermal.temp22         \lower housing exterior [K]                                   \0 [E]
1 NFTEMP23\newfirm.thermal.temp23         \lower housing exterior [K]                                   \0 [E]
1 NFTEMP24\newfirm.thermal.temp24         \lower housing exterior [K]                                   \0 [E]
1 NFTEMP25\newfirm.thermal.temp25         \lens 1 exterior surface [K]                                  \0 [E]
1 NFTEMP26\newfirm.thermal.temp26         \lens 1 interior (vacuum) face [K]                            \0 [E]
1 NFTEMP27\newfirm.thermal.temp27         \environmental cover interior [K]                             \0 [E]
1 NFTEMP28\newfirm.thermal.temp28         \filter wheel motor, upper wheel [K]                          \0 [E]
1 NFTEMP29\newfirm.thermal.temp29         \filter wheel motor, lower wheel [K]                          \0 [E]
1 NFTEMP30\newfirm.thermal.temp30         \filter wheel housing interior [K]                            \0 [E]
1 NFTEMP31\newfirm.thermal.temp31         \collimated cold baffle tube upper [K]                        \0 [E]
1 NFTEMP32\newfirm.thermal.temp32         \collimated cold baffle tube lower [K]                        \0 [E]
1 NFTEMP33\newfirm.thermal.temp33         \tangent bar 1 close to dewar wall [K]                        \0 [E]
1 NFTEMP34\newfirm.thermal.temp34         \tangent bar 1 halfway along length [K]                       \0 [E]
1 NFTEMP15\newfirm.thermal.temp35         \tangent bar 1 close to oss hatch [K]                         \0 [E]
1 NFTEMP36\newfirm.thermal.temp36         \tangent bar 2 halfway along length [K]                       \0 [E]
1 NFTEMP37\newfirm.thermal.temp37         \tangent bar 3 halfway along length [K]                       \0 [E]
1 NFTEMP38\newfirm.thermal.temp38         \active radiation shield upper-end [K]                        \0 [E]
1 NFTEMP39\newfirm.thermal.temp39         \active radiation shield midpoint [K]                         \0 [E]
1 NFTEMP40\newfirm.thermal.temp40         \active radiation shield midpoint [K]                         \0 [E]
1 NFTEMP41\newfirm.thermal.temp41         \outer passive radiation shield [K]                           \0 [E]
1 NFTEMP42\newfirm.thermal.temp42         \cold head 1 65K stage [K]                                    \0 [E]
1 NFTEMP43\newfirm.thermal.temp43         \cold head 1 10K stage [K]                                    \0 [E]
1 NFTEMP44\newfirm.thermal.temp44         \cold head 2 65K stage [K]                                    \0 [E]
1 NFTEMP45\newfirm.thermal.temp45         \cold head 2 10K stage [K]                                    \0 [E]
1 NFTEMP46\newfirm.thermal.temp46         \cold head 3 65K stage [K]                                    \0 [E]
1 NFTEMP47\newfirm.thermal.temp47         \cold head 3 10K stage [K]                                    \0 [E]
1 NFTEMP48\newfirm.thermal.temp48         \array alignment mount outer plate [K]                        \0 [E]
1 NFTEMP49\newfirm.thermal.temp49         \array alignment invar baseplate [K]                          \0 [E]
1 NFTEMP50\newfirm.thermal.temp50         \array alignment thermal mass [K]                             \0 [E]
1 NFTEMP51\newfirm.thermal.temp51         \2K x 2K array A [K]                                          \0 [E]
1 NFTEMP52\newfirm.thermal.temp52         \2K x 2K array B [K]                                          \0 [E]
1 NFTEMP53\newfirm.thermal.temp53         \2K x 2K array C [K]                                          \0 [E]
1 NFTEMP54\newfirm.thermal.temp54         \2K x 2K array D [K]                                          \0 [E]
1 NFTEMP35\newfirm.thermal.temp35         \tangent bar 1 close to oss hatch [k]                         \0 [E]
1 NFTEMP64\newfirm.thermal.temp64         \instrument controller internal [k]                           \0 [E]
1 NFPS    \newfirm.pressure.ps            \pressure sensor [mBar]                                       \0 [E]
1 NFVS    \newfirm.vacuum.vs              \vacuum sensor [uTorr]                                        \0 [E]
1 NFC1XPOS\newfirm.camera1.xposition      \camera 1 X axis motion position (set|stop) [um]              \stop [E]
1 NFC1XACC\newfirm.camera1.xacceleration  \camera 1 X axis motion acceleration [um/s/s]                 \0 [E]
1 NFC1XVEL\newfirm.camera1.xvelocity      \camera 1 X axis motion velocity [um/s]                       \0 [E]
1 NFC1YPOS\newfirm.camera1.yposition      \camera 1 Y axis motion position (set|stop) [um]              \stop [E]
1 NFC1YACC\newfirm.camera1.yacceleration  \camera 1 Y axis motion acceleration [um/s/s]                 \0 [E]
1 NFC1YVEL\newfirm.camera1.yvelocity      \camera 1 Y axis motion velocity [um/s]                       \0 [E]
1 NFC1FOCI\newfirm.camera1.focus          \camera 1 focus motion (set|stop) [um]                        \0 [E]
1 NFC1LENS\newfirm.camera1.lens           \camera 1 corrector lens motion (set|stop) [No Units]         \stop [E]
1 NFC2XPOS\newfirm.camera2.xposition      \camera 2 X axis motion position (set|stop) [um]              \stop [E]
1 NFC2XACC\newfirm.camera2.xacceleration  \camera 2 X axis motion acceleration [um/s/s]                 \0 [E]
1 NFC2XVEL\newfirm.camera2.xvelocity      \camera 2 X axis motion velocity [um/s]                       \0 [E]
1 NFC2YPOS\newfirm.camera2.yposition      \camera 2 Y axis motion position (set|stop) [um]              \stop [E]
1 NFC2YACC\newfirm.camera2.yacceleration  \camera 2 Y axis motion acceleration [um/s/s]                 \0 [E]
1 NFC2YVEL\newfirm.camera2.yvelocity      \camera 2 Y axis motion velocity [um/s]                       \0 [E]
1 NFC2FOCI\newfirm.camera2.focus          \camera 2 focus motion (set|stop) [um]                        \0 [E]
1 NFC2LENS\newfirm.camera2.lens           \camera 2 corrector lens motion (set|stop) [No Units]         \stop [E]
1 NFC1EXP \newfirm.camera1.exposure       \camera 1 exposure time [Seconds]                             \0 [E]
1 NFC1TEMP\newfirm.camera1.temperature    \camera 1 temperature setpoint [C]                            \0 [E]
1 NFC1OBS \newfirm.camera1.obstype        \camera 1 observation type (dark|zero|object|flat) [No Units] \dark [E]
1 NFC1BIN \newfirm.camera1.bin            \camera 1 on-chip binning (1|2|3) [No Units]                  \1 [E]
1 NFC1PWR \newfirm.camera1.power          \camera 1 power control (on|off) [No Units]                   \off [E]
1 NFC1REGL\newfirm.camera1.regulator      \camera 1 thermoelectric cooling control (on|off) [No Units]  \off [E]
0 NFC1FILT\newfirm.camera1.filter         \camera 1 filter [No Units]                                   \0 [S]
1 NFC1AMB \newfirm.camera1.ambient        \camera 1 current ambient temperature [C]                     \0 [E]
0 NFC1GDR \newfirm.camera1.guider         \camera 1 guider mode [No Units]                              \off [S]
1 NFC2EXP \newfirm.camera2.exposure       \camera 2 exposure time [Seconds]                             \0 [E]
1 NFC2TEMP\newfirm.camera2.temperature    \camera 2 temperature setpoint [C]                            \0 [E]
1 NFC2OBS \newfirm.camera2.obstype        \camera 2 observation type (dark|zero|object|flat) [No Units] \dark [E]
1 NFC2BIN \newfirm.camera2.bin            \camera 2 on-chip binning (1|2|3) [No Units]                  \1 [E]
1 NFC2PWR \newfirm.camera2.power          \camera 2 power control (on|off) [No Units]                   \off [E]
1 NFC2REGL\newfirm.camera2.regulator      \camera 2 thermoelectric cooling control (on|off) [No Units]  \off [E]
0 NFC2FILT\newfirm.camera2.filter         \camera 2 filter [No Units]                                   \0 [S]
1 NFC2AMB \newfirm.camera2.ambient        \camera 2 current ambient temperature [C]                     \0 [E]
0 NFC2GDR \newfirm.camera2.guider         \camera 2 guider mode [No Units]                              \off [S]
0 NFC1POS \newfirm.camera1.target         \camera 1 target in RA Dec Epoch [HH:MM:SS.SS DD:MM:SS.S YYYY]\00:00:00.00 00:00:00.0 2007 [S]
0 NFC2POS \newfirm.camera2.target         \camera 2 target in RA Dec Epoch [HH:MM:SS.SS DD:MM:SS.S YYYY]\00:00:00.00 00:00:00.0 2007 [S]

